@main {
  b: int = undef;
  a: int = undef;
  cond: bool = undef;
  upsilon cond.b1 cond;
  upsilon a.b1 a;
  upsilon b.b1 b;
.b1:
  b.b1: int = phi;
  a.b1: int = phi;
  cond.b1: bool = phi;
  cond.b1.1: bool = const true;
  upsilon cond.true cond.b1.1;
  upsilon a.true a.b1;
  upsilon b.true b.b1;
  upsilon cond.false cond.b1.1;
  upsilon a.false a.b1;
  upsilon b.false b.b1;
  br cond.b1.1 .true .false;
.true:
  b.true: int = phi;
  a.true: int = phi;
  cond.true: bool = phi;
  a.true.1: int = const 0;
  upsilon cond.zexit cond.true;
  upsilon a.zexit a.true.1;
  upsilon b.zexit b.true;
  jmp .zexit;
.false:
  b.false: int = phi;
  a.false: int = phi;
  cond.false: bool = phi;
  b.false.1: int = const 1;
  upsilon cond.zexit cond.false;
  upsilon a.zexit a.false;
  upsilon b.zexit b.false.1;
  jmp .zexit;
.zexit:
  b.zexit: int = phi;
  a.zexit: int = phi;
  cond.zexit: bool = phi;
  print a.zexit;
  ret;
}
