@main(cond: bool) {
  cond.exit: bool = undef;
  a.exit: int = undef;
  a.right.1: int = undef;
  cond.right: bool = undef;
  a.right: int = undef;
  a.left.1: int = undef;
  cond.left: bool = undef;
  a.left: int = undef;
  a.entry.1: int = undef;
  cond.entry: bool = undef;
  a.entry: int = undef;
  a: int = undef;
  upsilon cond.b1 cond;
  upsilon a.b1 a;
  upsilon a.entry.b1 a.entry;
  upsilon cond.entry.b1 cond.entry;
  upsilon a.entry.1.b1 a.entry.1;
  upsilon a.left.b1 a.left;
  upsilon cond.left.b1 cond.left;
  upsilon a.left.1.b1 a.left.1;
  upsilon a.right.b1 a.right;
  upsilon cond.right.b1 cond.right;
  upsilon a.right.1.b1 a.right.1;
  upsilon a.exit.b1 a.exit;
  upsilon cond.exit.b1 cond.exit;
.b1:
  cond.exit.b1: bool = phi;
  a.exit.b1: int = phi;
  a.right.1.b1: int = phi;
  cond.right.b1: bool = phi;
  a.right.b1: int = phi;
  a.left.1.b1: int = phi;
  cond.left.b1: bool = phi;
  a.left.b1: int = phi;
  a.entry.1.b1: int = phi;
  cond.entry.b1: bool = phi;
  a.entry.b1: int = phi;
  a.b1: int = phi;
  cond.b1: bool = phi;
  a.b1.1: int = undef;
  upsilon cond.entry.b1 cond.b1;
  upsilon a.entry.b1 a.b1.1;
  upsilon cond.entry cond.b1;
  upsilon a.entry a.b1.1;
  upsilon a.entry.entry a.entry.b1;
  upsilon cond.entry.entry cond.entry.b1;
  upsilon a.entry.1.entry a.entry.1.b1;
  upsilon a.left.entry a.left.b1;
  upsilon cond.left.entry cond.left.b1;
  upsilon a.left.1.entry a.left.1.b1;
  upsilon a.right.entry a.right.b1;
  upsilon cond.right.entry cond.right.b1;
  upsilon a.right.1.entry a.right.1.b1;
  upsilon a.exit.entry a.exit.b1;
  upsilon cond.exit.entry cond.exit.b1;
  jmp .entry;
.entry:
  cond.exit.entry: bool = phi;
  a.exit.entry: int = phi;
  a.right.1.entry: int = phi;
  cond.right.entry: bool = phi;
  a.right.entry: int = phi;
  a.left.1.entry: int = phi;
  cond.left.entry: bool = phi;
  a.left.entry: int = phi;
  a.entry.1.entry: int = phi;
  cond.entry.entry: bool = phi;
  a.entry.entry: int = phi;
  a.entry: int = phi;
  cond.entry: bool = phi;
  a.entry.entry.1: int = phi;
  cond.entry.entry.1: bool = phi;
  a.entry.1.entry.1: int = const 47;
  upsilon cond.left.entry cond.entry.entry.1;
  upsilon a.left.entry a.entry.1.entry.1;
  upsilon cond.right.entry cond.entry.entry.1;
  upsilon a.right.entry a.entry.1.entry.1;
  upsilon cond.left cond.entry;
  upsilon a.left a.entry;
  upsilon a.entry.left a.entry.entry.1;
  upsilon cond.entry.left cond.entry.entry.1;
  upsilon a.entry.1.left a.entry.1.entry.1;
  upsilon a.left.left a.left.entry;
  upsilon cond.left.left cond.left.entry;
  upsilon a.left.1.left a.left.1.entry;
  upsilon a.right.left a.right.entry;
  upsilon cond.right.left cond.right.entry;
  upsilon a.right.1.left a.right.1.entry;
  upsilon a.exit.left a.exit.entry;
  upsilon cond.exit.left cond.exit.entry;
  upsilon cond.right cond.entry;
  upsilon a.right a.entry;
  upsilon a.entry.right a.entry.entry.1;
  upsilon cond.entry.right cond.entry.entry.1;
  upsilon a.entry.1.right a.entry.1.entry.1;
  upsilon a.left.right a.left.entry;
  upsilon cond.left.right cond.left.entry;
  upsilon a.left.1.right a.left.1.entry;
  upsilon a.right.right a.right.entry;
  upsilon cond.right.right cond.right.entry;
  upsilon a.right.1.right a.right.1.entry;
  upsilon a.exit.right a.exit.entry;
  upsilon cond.exit.right cond.exit.entry;
  br cond.entry.entry.1 .left .right;
.left:
  cond.exit.left: bool = phi;
  a.exit.left: int = phi;
  a.right.1.left: int = phi;
  cond.right.left: bool = phi;
  a.right.left: int = phi;
  a.left.1.left: int = phi;
  cond.left.left: bool = phi;
  a.left.left: int = phi;
  a.entry.1.left: int = phi;
  cond.entry.left: bool = phi;
  a.entry.left: int = phi;
  a.left: int = phi;
  cond.left: bool = phi;
  a.left.left.1: int = phi;
  cond.left.left.1: bool = phi;
  a.left.1.left.1: int = add a.left.left.1 a.left.left.1;
  upsilon cond.exit.left cond.left.left.1;
  upsilon a.exit.left a.left.1.left.1;
  upsilon cond.exit cond.left;
  upsilon a.exit a.left;
  upsilon a.entry.exit a.entry.left;
  upsilon cond.entry.exit cond.entry.left;
  upsilon a.entry.1.exit a.entry.1.left;
  upsilon a.left.exit a.left.left.1;
  upsilon cond.left.exit cond.left.left.1;
  upsilon a.left.1.exit a.left.1.left.1;
  upsilon a.right.exit a.right.left;
  upsilon cond.right.exit cond.right.left;
  upsilon a.right.1.exit a.right.1.left;
  upsilon a.exit.exit a.exit.left;
  upsilon cond.exit.exit cond.exit.left;
  jmp .exit;
.right:
  cond.exit.right: bool = phi;
  a.exit.right: int = phi;
  a.right.1.right: int = phi;
  cond.right.right: bool = phi;
  a.right.right: int = phi;
  a.left.1.right: int = phi;
  cond.left.right: bool = phi;
  a.left.right: int = phi;
  a.entry.1.right: int = phi;
  cond.entry.right: bool = phi;
  a.entry.right: int = phi;
  a.right: int = phi;
  cond.right: bool = phi;
  a.right.right.1: int = phi;
  cond.right.right.1: bool = phi;
  a.right.1.right.1: int = mul a.right.right.1 a.right.right.1;
  upsilon cond.exit.right cond.right.right.1;
  upsilon a.exit.right a.right.1.right.1;
  upsilon cond.exit cond.right;
  upsilon a.exit a.right;
  upsilon a.entry.exit a.entry.right;
  upsilon cond.entry.exit cond.entry.right;
  upsilon a.entry.1.exit a.entry.1.right;
  upsilon a.left.exit a.left.right;
  upsilon cond.left.exit cond.left.right;
  upsilon a.left.1.exit a.left.1.right;
  upsilon a.right.exit a.right.right.1;
  upsilon cond.right.exit cond.right.right.1;
  upsilon a.right.1.exit a.right.1.right.1;
  upsilon a.exit.exit a.exit.right;
  upsilon cond.exit.exit cond.exit.right;
  jmp .exit;
.exit:
  cond.exit.exit: bool = phi;
  a.exit.exit: int = phi;
  a.right.1.exit: int = phi;
  cond.right.exit: bool = phi;
  a.right.exit: int = phi;
  a.left.1.exit: int = phi;
  cond.left.exit: bool = phi;
  a.left.exit: int = phi;
  a.entry.1.exit: int = phi;
  cond.entry.exit: bool = phi;
  a.entry.exit: int = phi;
  a.exit: int = phi;
  cond.exit: bool = phi;
  a.exit.exit.1: int = phi;
  cond.exit.exit.1: bool = phi;
  print a.exit.exit.1;
  ret;
}
