0.00000000000000000
-0.00000000000000000
true
1000000.00000000000000000
0.00000100000000000
-1000000.00000000000000000
1.100000e+11
1.000000e+21
1.000000e-21
100000.00000000000000000
